// Jest Snapshot v1, https://goo.gl/fbAQLP

exports[`asyncDeepEqual given no values throws 1`] = `[Error: asyncDeepEqual received no values to compare.]`;
