// Jest Snapshot v1, https://goo.gl/fbAQLP

exports[`asyncWindowAhead when arguments are invalid throws 1`] = `"asyncWindowAhead must be passed a numeric size"`;
