// Jest Snapshot v1, https://goo.gl/fbAQLP

exports[`windowAhead when arguments are invalid throws 1`] = `"windowAhead must be passed a numeric size"`;
