// Jest Snapshot v1, https://goo.gl/fbAQLP

exports[`trailingWindow when arguments are invalid throws 1`] = `"trailingWindow must be passed a numeric size"`;
