// Jest Snapshot v1, https://goo.gl/fbAQLP

exports[`includes when iterable is a string warns 1`] = `
Array [
  Array [
    "For string inputs use includesSubseq instead of includes",
  ],
]
`;
