// Jest Snapshot v1, https://goo.gl/fbAQLP

exports[`startsWithAny when iterable is a string warns 1`] = `
Array [
  Array [
    "For string inputs use startsWithAnySubseq instead of startsWithAny",
  ],
]
`;
