// Jest Snapshot v1, https://goo.gl/fbAQLP

exports[`interposeSeq when source is a string warns 1`] = `Array []`;
