// Jest Snapshot v1, https://goo.gl/fbAQLP

exports[`asyncLeadingWindow when arguments are invalid throws 1`] = `"asyncLeadingWindow must be passed a numeric size"`;
