// Jest Snapshot v1, https://goo.gl/fbAQLP

exports[`reduce when iterable is empty when no initial value specified throws 1`] = `"Cannot reduce: no initial value specified and iterable was empty"`;
