// Jest Snapshot v1, https://goo.gl/fbAQLP

exports[` 1`] = `"arrayReverse only works arrays and strings"`;
