// Jest Snapshot v1, https://goo.gl/fbAQLP

exports[`asyncWindowBehind when arguments are invalid throws 1`] = `"asyncWindowBehind must be passed a numeric size"`;
