// Jest Snapshot v1, https://goo.gl/fbAQLP

exports[`windowBehind when arguments are invalid throws 1`] = `"windowBehind must be passed a numeric size"`;
