// Jest Snapshot v1, https://goo.gl/fbAQLP

exports[`asyncEnsureIterable when i cannot be coerced to an iterable throws 1`] = `"Expected an async iterable, sync iterable, null or undefined"`;

exports[`asyncEnsureIterable when i looks like an iterator throws a more helpful error 1`] = `"iter-tools received a value that looked like an iterator but was not async iterable. Get help fixing this: https://github.com/iter-tools/iter-tools/wiki/Making-iterators-iterable#async-iterators"`;

exports[`asyncIterableCurry throws with empty invocations 1`] = `"Cannot make a partial application with no arguments"`;

exports[`asyncIterableCurry throws with empty invocations 2`] = `"Cannot make a partial application with no arguments"`;

exports[`asyncIterableCurry throws with empty invocations 3`] = `"Cannot make a partial application with no arguments"`;

exports[`asyncIterableCurry throws with too many args 1`] = `"f2 takes up to 2 arguments, followed by asyncIterable. You already passed 3 arguments and the last argument was not asyncIterable"`;

exports[`asyncIterableCurry throws with too many args 2`] = `"f1 takes up to 1 arguments, followed by asyncIterable. You already passed 2 arguments and the last argument was not asyncIterable"`;

exports[`asyncIterableCurry throws with too many args 3`] = `"f0 takes up to 0 arguments, followed by asyncIterable. You already passed 1 arguments and the last argument was not asyncIterable"`;

exports[`asyncIterableCurry validates args can stop method execution by throwing an error 1`] = `"Expected the world"`;

exports[`asyncIterableCurry when passed explicit arity throws with empty invocations 1`] = `"Cannot make a partial application with no arguments"`;

exports[`asyncIterableCurry works with reducing functions throws with empty invocations 1`] = `"Cannot make a partial application with no arguments"`;

exports[`asyncIterableCurry works with reducing functions throws with empty invocations 2`] = `"Cannot make a partial application with no arguments"`;

exports[`asyncIterableCurry works with reducing functions throws with too many args 1`] = `"f2 takes up to 2 arguments, followed by asyncIterable. You already passed 3 arguments and the last argument was not asyncIterable"`;

exports[`asyncIterableCurry works with reducing functions throws with too many args 2`] = `"f1 takes up to 1 arguments, followed by asyncIterable. You already passed 2 arguments and the last argument was not asyncIterable"`;

exports[`asyncIterableCurry works with reducing functions throws with too many args 3`] = `"f0 takes up to 0 arguments, followed by asyncIterable. You already passed 1 arguments and the last argument was not asyncIterable"`;

exports[`asyncIterableCurry works with variadic functions throws with empty invocations 1`] = `"Cannot make a partial application with no arguments"`;

exports[`asyncIterableCurry works with variadic functions throws with too many args 1`] = `"f1 takes up to 1 arguments, followed by ...asyncIterables. You already passed 2 arguments and the following arguments were not all asyncIterables"`;
