// Jest Snapshot v1, https://goo.gl/fbAQLP

exports[`joinWith when source is a string warns 1`] = `
Array [
  Array [
    "For string inputs use joinWithSeq instead of joinWith",
  ],
]
`;
