// Jest Snapshot v1, https://goo.gl/fbAQLP

exports[`objectValues throws with non-object 1`] = `"the argument to objectValues was not an object, null, or undefined"`;
