// Jest Snapshot v1, https://goo.gl/fbAQLP

exports[`asyncThrottle when interval is invalid throws 1`] = `"intervalMs argument to asyncThrottle must be a number > 0"`;

exports[`asyncThrottle when interval is invalid throws 2`] = `"intervalMs argument to asyncThrottle must be a number > 0"`;
