// Jest Snapshot v1, https://goo.gl/fbAQLP

exports[`interposeSubseq when source is a string warns 1`] = `Array []`;
