// Jest Snapshot v1, https://goo.gl/fbAQLP

exports[`interpose when source is a string warns 1`] = `
Array [
  Array [
    "For string inputs use interposeSeq instead of interpose",
  ],
]
`;
