// Jest Snapshot v1, https://goo.gl/fbAQLP

exports[`arrayReverse when input is invalid throws 1`] = `"arrayReverse only works arrays and strings"`;
