// Jest Snapshot v1, https://goo.gl/fbAQLP

exports[`objectValues throws with non-object 1`] = `"obj argument to objectValues must be an object, null, or undefined"`;
