// Jest Snapshot v1, https://goo.gl/fbAQLP

exports[`asyncRoundRobin when step is invalid throws 1`] = `"step argument to asyncRoundRobin must be a non-zero integer"`;
