// Jest Snapshot v1, https://goo.gl/fbAQLP

exports[`asyncConsume (deprecated) consumes an iterable with a callback 1`] = `
Array [
  Array [
    "\`asyncConsume(callback, iterable)\` is deprecated and will be removed in iter-tools@8. Instead use asyncForEach(callback, iterable)",
  ],
]
`;
