// Jest Snapshot v1, https://goo.gl/fbAQLP

exports[`objectEntries throws with non-object 1`] = `"obj argument to objectEntries must be an object, null, or undefined"`;
