// Jest Snapshot v1, https://goo.gl/fbAQLP

exports[`objectEntries throws with non-object 1`] = `"the argument to objectEntries was not an object, null, or undefined"`;
