// Jest Snapshot v1, https://goo.gl/fbAQLP

exports[`splitGroups when groups are consumed out of order throws 1`] = `[Error: Cannot take from this split part. It is no longer the active part.]`;
