// Jest Snapshot v1, https://goo.gl/fbAQLP

exports[`asyncGroup errors if groups are consumed out of order 1`] = `undefined`;
