// Jest Snapshot v1, https://goo.gl/fbAQLP

exports[`group errors if groups are consumed out of order 1`] = `[Error: Cannot take from this split part. It is no longer the active part.]`;
